function symlink_contents_to_dir() {
local target="$2"
mkdir -p $target
if [[ -f $1 ]]; then
symlink_to_dir $1 $target
return 0
fi

if [[ -d $1 || -L $1 ]]; then
local children=$(find -H $1 -maxdepth 1 -mindepth 1)
for child in $children; do
symlink_to_dir $child $target
done
fi
}
function symlink_to_dir() {
local target="$2"
mkdir -p ${target}

if [[ -d $1 ]]; then
ln -s -t ${target} $1
elif [[ -f $1 ]]; then
ln -s -t ${target} $1
elif [[ -L $1 ]]; then
cp --no-target-directory $1 ${target}
else
echo "Can not copy $1"
fi
}
symlink_contents_to_dir $SOURCE_DIR $TARGET_DIR